{
    "key": "    <div class=\"container\">\n        <div class=\"row\">\n            <div class=\"col-md-12\">\n                <h1>Snapshot<\/h1>\n            <\/div>\n        <\/div>\n    <\/div>"
}