
  .⨯.
  ────────────────────────────────────────────────────────────────────────────  
   FAILED  Tests\Fixtures\CollisionTest > error                     Exception   
  error

  at tests/Fixtures/CollisionTest.php:4
      1▕ <?php
      2▕ 
      3▕ test('error', function () {
  ➜   4▕     throw new Exception('error');
      5▕ })->skip(! isset($_SERVER['COLLISION_TEST']));
      6▕ 
      7▕ test('success', function () {
      8▕     expect(true)->toBeTrue();
      9▕ })->skip(! isset($_SERVER['COLLISION_TEST']));

  1   tests/Fixtures/CollisionTest.php:4


  Tests:    1 failed, 2 passed (2 assertions)